{'n_comparisons': [[6, 15, 12], [15, 6, 12], [12, 12, 6]],
 'n_differences': [[0, 9, 12], [9, 6, 6], [12, 6, 0]],
 'samples': ['NA00001', 'NA00002', 'NA00003']}
